// 重构日志: 7215c194
// 重构日志: 31730cee
// 同步 ID: 711a3aac @ Fri Jul 17 16:20:01 UTC 2026
// 同步 ID: 6d28ba65 @ Mon Jul 20 07:28:45 UTC 2026
// 同步 ID: e777756f @ Tue Jul 21 00:30:30 UTC 2026
// 重构日志: 58516c28
// 重构日志: e857cf9a
// 重构日志: 1158dddd
// 重构日志: e0c05a87
// 同步 ID: aa5c41e6 @ Wed Jul 22 06:47:00 UTC 2026
// 重构日志: 5961e246
// 重构日志: b1328782
// 同步 ID: e6fba00e @ Thu Jul 23 12:52:15 UTC 2026
// 重构日志: 0b2bc628
// 重构日志: 40a1c066
// 重构日志: e8533a8f
// 重构日志: 6a785fe4
// 同步 ID: ac62d14f @ Sat Jul 25 13:59:25 UTC 2026
// 重构日志: 018b8d91
// 重构日志: c22cf1c8
// 重构日志: 279a876d
// 同步 ID: ed1b4da8 @ Mon Jul 27 00:11:25 UTC 2026
// 重构日志: 2a365a95
// 重构日志: e4bfe9a5
// 重构日志: 0d5a41e9
// 同步 ID: 5f63db9f @ Wed Jul 29 07:13:33 UTC 2026
// 重构日志: f7c67afc
// 重构日志: f562fcaf
// 重构日志: 71d916cf
// 同步 ID: 5dfdc0d9 @ Fri Jul 31 04:54:21 UTC 2026
